2022-07-03 14:56:10,705 : DEBUG : debug message
2022-07-03 14:56:10,705 : INFO : info message
2022-07-03 14:56:10,705 : WARNING : warn message
2022-07-03 14:56:10,705 : ERROR : error message
2022-07-03 14:56:10,705 : CRITICAL : critical message
2022-07-03 15:01:27,470 WARNI [root:7] warn message
2022-07-03 15:01:27,470 ERROR [root:8] error message
2022-07-03 15:01:27,470 CRITI [root:9] critical message
